avo_Cali.csv
,Unnamed: 0,Date,Q1,Q2,Q3,Q4,AveragePrice,Total Volume,Medium,Large,Extra Large,Other,type,year,conventional,organic
428,23,2017-07-23,False,False,True,False,1.46,5188483.1,2201004.96,1738865.16,151424.79,1097188.1899999997,conventional,2017,True,False
430,7,2015-11-08,False,False,False,True,0.98,5148983.51,2317858.81,1758964.54,216523.58,855636.5799999997,conventional,2015,True,False
444,15,2015-09-13,False,False,True,False,1.13,5106508.12,1863270.81,2388023.33,270794.34,584419.6399999999,conventional,2015,True,False
446,40,2017-03-26,True,False,False,False,1.33,5073070.91,1693588.76,1542979.33,138133.01,1698369.8100000003,conventional,2017,True,False
449,11,2015-10-11,False,False,False,True,1.08,5063309.38,1757211.58,2530023.18,221032.74,555041.8799999997,conventional,2015,True,False
450,3,2016-12-04,False,False,False,True,0.98,5062952.53,1916640.11,1449671.84,86152.75,1610487.8299999998,conventional,2016,True,False
453,0,2015-12-27,False,False,False,True,0.9,5040365.47,1833946.59,1760956.02,232755.85,1212707.0099999998,conventional,2015,True,False
462,10,2015-10-18,False,False,False,True,1.07,4999031.79,1847991.31,2286235.79,217814.17,646990.5199999999,conventional,2015,True,False
473,12,2015-10-04,False,False,False,True,1.02,4943781.29,1461112.39,2788317.94,222260.58,472090.38000000047,conventional,2015,True,False
476,48,2015-01-25,True,False,False,False,1.06,4929884.26,2380955.61,1827783.28,150535.5,570609.8699999999,conventional,2015,True,False
479,35,2015-04-26,False,True,False,False,1.15,4923565.04,2421009.67,1729486.77,196469.02,576599.5800000001,conventional,2015,True,False
480,1,2016-12-18,False,False,False,True,0.95,4922621.54,1575318.71,1774200.38,90983.73,1482118.7200000002,conventional,2016,True,False
486,10,2016-10-16,False,False,False,True,1.4,4878037.64,1635631.14,1600568.32,108458.09,1533380.0899999999,conventional,2016,True,False
502,5,2015-11-22,False,False,False,True,0.92,4804278.16,1602215.57,1917124.52,215632.16,1069305.91,conventional,2015,True,False
507,6,2017-11-19,False,False,False,True,1.26,4782021.0,1879513.0,1360694.0,107055.0,1434759.0,conventional,2017,True,False
510,14,2015-09-20,False,False,True,False,1.14,4759791.13,1702965.49,2230693.51,273922.36,552209.7699999999,conventional,2015,True,False
519,1,2015-12-20,False,False,False,True,0.94,4695737.21,1676601.43,1543280.76,266689.82,1209165.2000000002,conventional,2015,True,False
532,17,2017-09-03,False,False,True,False,1.65,4648718.22,1856634.4,1720930.65,168178.12,902975.0499999999,conventional,2017,True,False
537,9,2015-10-25,False,False,False,True,1.12,4592461.81,1733791.31,2025016.15,215622.63,618031.7199999996,conventional,2015,True,False
539,4,2015-11-29,False,False,False,True,0.91,4575710.62,1461699.38,1810202.7,222311.07,1081497.4700000002,conventional,2015,True,False
549,19,2017-08-20,False,False,True,False,1.64,4524974.68,1995269.12,1293180.21,165218.13,1071307.2199999997,conventional,2017,True,False
565,10,2017-10-22,False,False,False,True,1.53,4420877.4,1604916.52,1779177.98,123891.36,912891.5400000004,conventional,2017,True,False
571,5,2017-11-26,False,False,False,True,1.3,4392810.0,1734281.0,1354966.0,121946.0,1181617.0,conventional,2017,True,False
572,16,2017-09-10,False,False,True,False,1.71,4380657.13,1677368.14,1599511.35,141899.49,961878.1500000001,conventional,2017,True,False
576,18,2017-08-27,False,False,True,False,1.78,4360013.67,1889886.87,1420373.34,157338.07,892415.3899999997,conventional,2017,True,False
589,5,2016-11-20,False,False,False,True,1.32,4253815.59,1513797.4,1394929.07,93901.07,1251188.0499999998,conventional,2016,True,False
614,4,2016-11-27,False,False,False,True,1.21,4185900.67,1508446.52,1313000.92,81897.44,1282555.79,conventional,2016,True,False
619,15,2017-09-17,False,False,True,False,1.72,4167531.38,1571529.56,1556655.98,128019.39,911326.4499999998,conventional,2017,True,False
624,12,2017-10-08,False,False,False,True,1.74,4151444.41,1377101.0,1829530.74,138380.27,806432.4000000001,conventional,2017,True,False
648,11,2017-10-15,False,False,False,True,1.68,4066640.98,1348029.41,1699672.65,137027.4,881911.5200000004,conventional,2017,True,False
679,14,2017-09-24,False,False,True,False,1.74,3937000.67,1383479.62,1575761.37,119703.21,858056.4699999997,conventional,2017,True,False
688,9,2016-10-23,False,False,False,True,1.39,3899040.66,1397559.4,1129206.16,82276.22,1289998.8800000004,conventional,2016,True,False
695,13,2017-10-01,False,False,False,True,1.77,3870633.16,1288266.68,1608863.15,120405.29,853098.0400000005,conventional,2017,True,False
706,6,2016-11-13,False,False,False,True,1.48,3848128.2,1326907.02,1367684.96,112541.9,1040994.3200000002,conventional,2016,True,False
842,7,2016-11-06,False,False,False,True,1.68,3395058.42,1111431.87,1333386.69,120964.4,829275.4599999998,conventional,2016,True,False
971,8,2016-10-30,False,False,False,True,1.68,3139833.5,1126017.42,1186843.99,92064.47,734907.6200000001,conventional,2016,True,False
6101,33,2016-05-08,False,True,False,False,1.25,256669.13,19169.71,147864.84,0.0,89634.58000000002,organic,2016,False,True
6213,43,2015-03-01,True,False,False,False,1.15,250298.58,178033.64,59786.79,0.0,12478.149999999972,organic,2015,False,True
6361,3,2018-03-04,True,False,False,False,1.57,239135.67,34245.39,67952.25,0.0,136938.03000000003,organic,2018,False,True
6401,2,2018-03-11,True,False,False,False,1.58,236822.98,32765.76,83573.0,0.0,120484.22,organic,2018,False,True
6585,34,2016-05-01,False,True,False,False,1.24,225346.56,16747.64,132440.93,0.0,76157.98999999999,organic,2016,False,True
6665,43,2017-03-05,True,False,False,False,1.45,220712.33,28613.88,65742.41,6.34,126349.69999999998,organic,2017,False,True
6726,10,2018-01-14,True,False,False,False,1.61,216681.04,52253.4,95353.95,0.0,69073.69000000002,organic,2018,False,True
6749,44,2017-02-26,True,False,False,False,1.34,215699.08,26443.61,69371.98,3.16,119880.32999999997,organic,2017,False,True
6769,43,2016-02-28,True,False,False,False,1.28,214658.47,16583.5,95085.1,4.55,102985.31999999999,organic,2016,False,True
6792,24,2016-07-10,False,False,True,False,1.51,213417.87,30506.94,89764.31,10.85,93135.76999999999,organic,2016,False,True
6823,34,2017-05-07,False,True,False,False,1.59,211442.68,27955.44,80576.31,1.61,102909.31999999999,organic,2017,False,True
6828,31,2016-05-22,False,True,False,False,1.37,211081.29,22352.56,102703.17,4.59,86020.97000000002,organic,2016,False,True
6836,42,2017-03-12,True,False,False,False,1.53,210400.75,26372.8,73288.71,9.46,110729.78,organic,2017,False,True
6847,20,2016-08-07,False,False,True,False,1.48,210038.55,22201.7,79011.43,0.0,108825.41999999998,organic,2016,False,True
6851,41,2017-03-19,True,False,False,False,1.57,209591.02,25435.01,81224.16,39.25,102892.59999999998,organic,2017,False,True
6854,25,2016-07-03,False,False,True,False,1.58,209495.6,24660.35,110483.19,21.71,74330.34999999999,organic,2016,False,True
6861,19,2016-08-14,False,False,True,False,1.47,208956.81,28111.21,84313.38,35.82,96496.4,organic,2016,False,True
6870,35,2016-04-24,False,True,False,False,1.39,208434.9,18891.23,100137.58,3.04,89403.04999999999,organic,2016,False,True
6902,38,2016-04-03,False,True,False,False,1.39,206688.54,17840.63,115062.35,0.0,73785.56,organic,2016,False,True
6908,30,2017-06-04,False,True,False,False,1.64,206419.24,31578.61,80018.8,12.42,94809.41,organic,2017,False,True
6944,26,2016-06-26,False,True,False,False,1.51,204392.39,34450.42,103277.2,18.59,66646.18000000004,organic,2016,False,True
6964,30,2016-05-29,False,True,False,False,1.49,203163.62,22713.1,99956.65,0.0,80493.87,organic,2016,False,True
6974,1,2018-03-18,True,False,False,False,1.75,202790.74,29398.11,70514.05,8.08,102870.5,organic,2018,False,True
6976,32,2016-05-15,False,True,False,False,1.5,202641.92,26935.79,102253.41,0.0,73452.72,organic,2016,False,True
7022,41,2016-03-13,True,False,False,False,1.41,199915.92,18235.75,101106.75,0.0,80573.42000000001,organic,2016,False,True
7024,35,2017-04-30,False,True,False,False,1.61,199903.62,29040.03,67606.93,7.79,103248.87000000001,organic,2017,False,True
7029,42,2016-03-06,True,False,False,False,1.32,198961.57,19796.42,86184.7,3.04,92977.41000000003,organic,2016,False,True
7049,31,2017-05-28,False,True,False,False,1.76,197588.64,31705.67,68967.28,12.52,96903.17000000003,organic,2017,False,True
7057,36,2017-04-23,False,True,False,False,1.6,197179.76,28028.44,69003.58,4.7,100143.04000000001,organic,2017,False,True
7062,27,2016-06-19,False,True,False,False,1.57,196942.94,23134.77,102745.34,35.56,71027.27000000002,organic,2016,False,True
7075,47,2015-02-01,True,False,False,False,1.11,196031.9,142332.45,41999.51,2.92,11697.01999999998,organic,2015,False,True
7092,49,2015-01-18,True,False,False,False,1.24,195207.6,123138.29,58616.16,0.0,13453.150000000009,organic,2015,False,True
7106,37,2017-04-16,False,True,False,False,1.67,194263.4,28602.39,68759.01,7.85,96894.15000000001,organic,2017,False,True
7111,40,2017-03-26,True,False,False,False,1.7,194052.77,34618.57,71542.71,7.86,87883.62999999998,organic,2017,False,True
7120,37,2016-04-10,False,True,False,False,1.4,193519.09,16938.01,93768.59,0.0,82812.48999999999,organic,2016,False,True
7124,23,2016-07-17,False,False,True,False,1.59,192800.93,21165.43,91337.45,7.76,80290.29000000001,organic,2016,False,True
7127,28,2016-06-12,False,True,False,False,1.5,192533.95,24728.3,101839.43,3.07,65963.15000000002,organic,2016,False,True
7143,39,2017-04-02,False,True,False,False,1.64,191988.18,31381.85,69457.56,17.3,91131.46999999999,organic,2017,False,True
7173,0,2018-03-25,True,False,False,False,1.7,190257.38,29644.09,70982.1,0.0,89631.19,organic,2018,False,True
7204,21,2016-07-31,False,False,True,False,1.56,188494.23,21895.14,83894.93,12.45,82691.71000000004,organic,2016,False,True
7212,7,2018-02-04,True,False,False,False,1.56,188212.98,38078.53,60551.97,0.0,89582.48000000001,organic,2018,False,True
7224,15,2016-09-11,False,False,True,False,1.55,187617.54,22135.19,97386.14,27.95,68068.26000000001,organic,2016,False,True
7229,36,2016-04-17,False,True,False,False,1.39,187358.5,17320.0,84073.76,6.08,85958.66,organic,2016,False,True
7248,38,2017-04-09,False,True,False,False,1.63,186112.1,30319.27,66541.46,7.86,89243.51000000001,organic,2017,False,True
7263,22,2016-07-24,False,False,True,False,1.56,185039.68,22033.28,82329.89,26.42,80650.09,organic,2016,False,True
7272,39,2016-03-27,True,False,False,False,1.42,184634.36,14744.95,92064.48,7.58,77817.34999999998,organic,2016,False,True
7286,45,2017-02-19,True,False,False,False,1.5,183797.3,27932.48,71026.47,3.16,84835.18999999997,organic,2017,False,True
7301,32,2017-05-21,False,True,False,False,1.78,183083.69,28908.03,67866.42,7.8,86301.44,organic,2017,False,True
7308,29,2016-06-05,False,True,False,False,1.55,182778.37,26377.62,88667.93,7.66,67725.16,organic,2016,False,True
7327,9,2018-01-21,True,False,False,False,1.69,181974.98,34411.37,64513.67,0.0,83049.94000000002,organic,2018,False,True
7330,28,2017-06-18,False,True,False,False,1.78,181725.85,32417.62,60616.15,0.0,88692.08000000002,organic,2017,False,True
7373,29,2017-06-11,False,True,False,False,1.79,179141.21,32283.4,64309.03,6.18,82542.6,organic,2017,False,True
7377,4,2018-02-25,True,False,False,False,1.82,179041.72,28991.22,83730.03,0.0,66320.47,organic,2018,False,True
7396,16,2016-09-04,False,False,True,False,1.65,178322.37,19885.38,82532.01,0.0,75904.98,organic,2016,False,True
7403,51,2017-01-08,True,False,False,False,1.5,177777.4,33563.39,69671.75,4.62,74537.64000000001,organic,2017,False,True
7420,18,2016-08-21,False,False,True,False,1.53,176650.09,28268.87,67090.59,3.11,81287.52,organic,2016,False,True
7446,17,2016-08-28,False,False,True,False,1.63,175422.72,20282.39,79271.95,9.33,75859.05000000002,organic,2016,False,True
7499,40,2016-03-20,True,False,False,False,1.46,172196.69,15752.0,89041.95,7.6,67395.14,organic,2016,False,True
7524,8,2018-01-28,True,False,False,False,1.87,170998.81,30070.62,58357.89,0.0,82570.3,organic,2018,False,True
7545,47,2017-02-05,True,False,False,False,1.36,169739.8,37220.31,82017.4,9.46,50492.63,organic,2017,False,True
7562,25,2017-07-09,False,False,True,False,1.62,169101.22,18593.36,54586.32,4.68,95916.85999999999,organic,2017,False,True
7575,6,2018-02-11,True,False,False,False,1.85,168311.26,30354.0,56580.92,0.0,81376.34000000001,organic,2018,False,True
7588,27,2017-06-25,False,True,False,False,1.66,167931.62,23367.89,53252.13,0.0,91311.59999999998,organic,2017,False,True
7600,33,2017-05-14,False,True,False,False,1.76,167406.47,29347.26,61178.45,7.82,76872.93999999999,organic,2017,False,True
7610,5,2018-02-18,True,False,False,False,1.97,167193.75,27895.41,73827.57,0.0,65470.76999999999,organic,2018,False,True
7644,48,2017-01-29,True,False,False,False,1.44,165225.54,30958.58,65973.06,23.2,68270.70000000003,organic,2017,False,True
7663,52,2017-01-01,True,False,False,False,1.46,164137.04,31267.65,65430.27,6.16,67432.96000000002,organic,2017,False,True
7666,26,2017-07-02,False,False,True,False,1.73,163970.9,20969.94,58901.69,9.35,84089.91999999998,organic,2017,False,True
7711,44,2016-02-21,True,False,False,False,1.43,161206.07,14702.41,81578.02,12.13,64913.51,organic,2016,False,True
7725,33,2015-05-10,False,True,False,False,1.4,160570.28,77103.7,70434.57,0.0,13032.009999999995,organic,2015,False,True
7740,0,2017-12-31,False,False,False,True,1.71,160039.02,46373.36,55040.01,0.0,58625.64999999999,organic,2017,False,True
7783,45,2016-02-14,True,False,False,False,1.47,158522.76,11345.11,87139.61,97.12,59940.92000000002,organic,2016,False,True
7790,50,2015-01-11,True,False,False,False,1.1,158110.68,123712.51,25975.27,1.47,8421.429999999998,organic,2015,False,True
7818,46,2016-02-07,True,False,False,False,1.38,156586.25,13085.23,84118.36,78.91,59303.749999999985,organic,2016,False,True
7826,11,2018-01-07,True,False,False,False,1.95,156341.57,42992.91,56007.79,0.0,57340.87,organic,2018,False,True
7846,47,2016-01-31,True,False,False,False,1.43,155319.35,17862.54,79184.75,124.41,58147.649999999994,organic,2016,False,True
7864,48,2016-01-24,True,False,False,False,1.36,154438.32,13658.82,86743.65,0.0,54035.850000000006,organic,2016,False,True
7914,15,2017-09-17,False,False,True,False,2.18,152064.59,48806.34,66114.77,0.0,37143.479999999996,organic,2017,False,True
7923,46,2017-02-12,True,False,False,False,1.54,151754.58,27367.52,55812.63,20.18,68554.25,organic,2017,False,True
8061,8,2017-11-05,False,False,False,True,1.76,145735.09,27876.4,67331.86,0.0,50526.83,organic,2017,False,True
8133,50,2017-01-15,True,False,False,False,1.66,142739.21,27811.48,58090.25,3.08,56834.399999999994,organic,2017,False,True
8137,17,2017-09-03,False,False,True,False,2.09,142391.81,33578.96,64298.99,0.0,44513.86000000001,organic,2017,False,True
8138,51,2015-01-04,True,False,False,False,1.24,142349.77,107490.73,25711.96,2.93,9144.149999999994,organic,2015,False,True
8193,19,2017-08-20,False,False,True,False,2.37,140365.99,28993.37,44771.32,1.57,66599.72999999998,organic,2017,False,True
8195,16,2017-09-10,False,False,True,False,2.2,140337.35,40795.15,62854.16,0.0,36688.04000000001,organic,2017,False,True
8228,14,2016-09-18,False,False,True,False,1.84,139322.81,19979.78,76879.66,3.11,42460.259999999995,organic,2016,False,True
8236,20,2017-08-13,False,False,True,False,2.21,139016.53,27834.92,44902.56,0.0,66279.05,organic,2017,False,True
8237,12,2016-10-02,False,False,False,True,1.91,138994.56,15505.79,70707.24,21.66,52759.86999999998,organic,2016,False,True
8243,50,2016-01-10,True,False,False,False,1.33,138580.98,17520.67,60382.97,0.0,60677.34000000001,organic,2016,False,True
8245,1,2017-12-24,False,False,False,True,1.82,138506.44,25276.34,58176.83,0.0,55053.270000000004,organic,2017,False,True
8246,14,2017-09-24,False,False,True,False,2.05,138458.82,34599.22,63107.77,1.57,40750.26000000001,organic,2017,False,True
8282,49,2017-01-22,True,False,False,False,1.53,136422.97,28034.89,54342.56,6.18,54039.340000000004,organic,2017,False,True
8283,44,2015-02-22,True,False,False,False,1.41,136421.88,102232.31,25715.73,0.0,8473.840000000007,organic,2015,False,True
8301,31,2015-05-24,False,True,False,False,1.5,135543.89,60597.97,63560.02,0.0,11385.900000000016,organic,2015,False,True
8303,25,2015-07-05,False,False,True,False,1.67,135522.65,50367.92,74571.56,18.66,10564.509999999998,organic,2015,False,True
8334,32,2015-05-17,False,True,False,False,1.49,133759.31,65830.84,56261.16,0.0,11667.309999999998,organic,2015,False,True
8349,0,2016-12-25,False,False,False,True,1.53,132890.31,22779.87,56237.83,10.76,53861.85,organic,2016,False,True
8352,46,2015-02-08,True,False,False,False,1.35,132790.41,94440.9,24587.9,0.0,13761.610000000008,organic,2015,False,True
8353,13,2017-10-01,False,False,False,True,2.08,132771.77,31036.76,59948.6,0.0,41786.409999999996,organic,2017,False,True
8360,10,2017-10-22,False,False,False,True,2.0,132184.44,27492.71,48684.87,0.0,56006.86000000001,organic,2017,False,True
8414,9,2017-10-29,False,False,False,True,2.01,129602.47,29243.35,48086.52,0.0,52272.6,organic,2017,False,True
8427,11,2016-10-09,False,False,False,True,1.98,128966.95,15488.42,67537.91,12.36,45928.259999999995,organic,2016,False,True
8439,23,2017-07-23,False,False,True,False,2.17,128480.81,20884.31,52053.33,4.67,55538.5,organic,2017,False,True
8442,2,2016-12-11,False,False,False,True,1.64,128204.63,20010.88,59840.22,49.16,48304.369999999995,organic,2016,False,True
8444,35,2015-04-26,False,True,False,False,1.5,128166.45,63539.73,51223.93,0.0,13402.789999999994,organic,2015,False,True
8472,24,2017-07-16,False,False,True,False,2.14,127255.55,18861.09,52718.44,9.36,55666.66,organic,2017,False,True
8502,2,2017-12-17,False,False,False,True,1.75,126089.01,24044.07,55284.97,0.0,46759.97,organic,2017,False,True
8504,4,2017-12-03,False,False,False,True,1.81,125973.2,23983.71,47847.46,0.0,54142.02999999999,organic,2017,False,True
8507,3,2017-12-10,False,False,False,True,1.89,125853.18,31270.64,46280.63,0.0,48301.909999999996,organic,2017,False,True
