avo_Cali.csv
,Unnamed: 0,Date,Q1,Q2,Q3,Q4,AveragePrice,Total Volume,Medium,Large,Extra Large,Other,type,year,conventional,organic
8519,49,2016-01-17,True,False,False,False,1.45,125541.88,16081.34,66398.85,0.0,43061.69,organic,2016,False,True
8541,12,2017-10-08,False,False,False,True,2.17,124505.87,26222.41,53539.49,0.0,44743.969999999994,organic,2017,False,True
8554,36,2015-04-19,False,True,False,False,1.52,123851.34,55948.06,57078.01,1.49,10823.779999999997,organic,2015,False,True
8557,13,2016-09-25,False,False,True,False,1.95,123708.0,12970.52,73572.34,10.84,37154.3,organic,2016,False,True
8580,1,2016-12-18,False,False,False,True,1.61,122728.42,18006.04,60993.65,176.75,43551.98,organic,2016,False,True
8588,6,2017-11-19,False,False,False,True,1.98,122170.14,25968.52,47146.26,0.0,49055.35999999999,organic,2017,False,True
8589,6,2016-11-13,False,False,False,True,2.13,122099.57,21825.77,51895.85,7.69,48370.26,organic,2016,False,True
8591,51,2016-01-03,True,False,False,False,1.43,122089.29,18211.06,66433.31,0.0,37444.92,organic,2016,False,True
8594,7,2017-11-12,False,False,False,True,1.99,122017.93,29124.07,43952.88,1.59,48939.38999999999,organic,2017,False,True
8606,48,2015-01-25,True,False,False,False,1.3,121698.02,80952.24,28216.13,0.0,12529.649999999998,organic,2015,False,True
8614,18,2017-08-27,False,False,True,False,2.54,121293.43,31149.69,48281.23,0.0,41862.50999999999,organic,2017,False,True
8624,38,2015-04-05,False,True,False,False,1.52,120814.24,57082.3,51295.72,0.0,12436.220000000001,organic,2015,False,True
8640,30,2015-05-31,False,True,False,False,1.5,119999.12,52846.87,53628.31,0.0,13523.940000000002,organic,2015,False,True
8651,37,2015-04-12,False,True,False,False,1.5,119549.28,59861.05,49554.48,0.0,10133.749999999993,organic,2015,False,True
8661,34,2015-05-03,False,True,False,False,1.48,119059.56,54176.97,51542.88,0.0,13339.71,organic,2015,False,True
8664,7,2016-11-06,False,False,False,True,2.37,119037.25,22140.03,56357.55,0.0,40539.67,organic,2016,False,True
8683,21,2017-08-06,False,False,True,False,2.18,118098.82,18668.32,42686.77,0.0,56743.73,organic,2017,False,True
8715,26,2015-06-28,False,True,False,False,1.67,116913.79,46841.35,61727.62,0.0,8344.82,organic,2015,False,True
8716,27,2015-06-21,False,True,False,False,1.69,116908.54,51294.9,55597.45,3.09,10013.099999999988,organic,2015,False,True
8717,3,2016-12-04,False,False,False,True,1.89,116895.28,24442.77,50935.56,10.75,41506.2,organic,2016,False,True
8727,45,2015-02-15,True,False,False,False,1.52,116499.36,85444.97,21689.75,0.0,9364.64,organic,2015,False,True
8733,28,2015-06-14,False,True,False,False,1.68,116322.44,51607.99,54937.64,43.18,9733.630000000005,organic,2015,False,True
8760,5,2017-11-26,False,False,False,True,2.0,115472.08,23310.44,47380.19,0.0,44781.45,organic,2017,False,True
8767,11,2017-10-15,False,False,False,True,2.1,115255.48,25513.54,44390.25,0.0,45351.69,organic,2017,False,True
8771,24,2015-07-12,False,False,True,False,1.8,115063.87,45482.88,60702.07,3.11,8875.80999999999,organic,2015,False,True
8779,29,2015-06-07,False,True,False,False,1.67,114406.15,49301.79,52704.34,6.16,12393.859999999997,organic,2015,False,True
8794,22,2017-07-30,False,False,True,False,2.14,113903.29,15243.52,40785.21,0.0,57874.55999999999,organic,2017,False,True
8838,40,2015-03-22,True,False,False,False,1.3,112284.57,64969.37,40012.49,0.0,7302.710000000006,organic,2015,False,True
8853,4,2016-11-27,False,False,False,True,2.04,111851.52,21468.08,49401.43,9.22,40972.79,organic,2016,False,True
8865,39,2015-03-29,True,False,False,False,1.53,111423.89,56829.47,44390.86,0.0,10203.559999999998,organic,2015,False,True
8940,42,2015-03-08,True,False,False,False,1.48,108346.9,75016.11,21619.82,0.0,11710.969999999994,organic,2015,False,True
8950,5,2016-11-20,False,False,False,True,2.1,107587.14,18289.69,44678.81,12.3,44606.34,organic,2016,False,True
8954,18,2015-08-23,False,False,True,False,1.85,107431.24,30454.79,63850.97,3.11,13122.37000000001,organic,2015,False,True
9032,8,2015-11-01,False,False,False,True,1.6,104331.19,20050.21,63408.14,0.0,20872.84000000001,organic,2015,False,True
9046,9,2015-10-25,False,False,False,True,1.64,103918.03,20902.94,66867.39,0.0,16147.699999999997,organic,2015,False,True
9066,23,2015-07-19,False,False,True,False,1.89,103081.23,33422.15,59794.77,0.0,9864.30999999999,organic,2015,False,True
9099,7,2015-11-08,False,False,False,True,1.66,101320.15,17074.6,62469.04,0.0,21776.509999999987,organic,2015,False,True
9140,1,2015-12-20,False,False,False,True,1.35,99793.55,12746.47,48195.95,1.52,38849.61000000001,organic,2015,False,True
9168,2,2015-12-13,False,False,False,True,1.39,98605.4,13609.24,46518.56,3.05,38474.54999999999,organic,2015,False,True
9170,0,2015-12-27,False,False,False,True,1.45,98576.63,14306.68,50893.97,0.0,33375.98000000001,organic,2015,False,True
9174,22,2015-07-26,False,False,True,False,1.93,98449.84,31604.24,57990.08,0.0,8855.51999999999,organic,2015,False,True
9199,6,2015-11-15,False,False,False,True,1.59,97265.23,16244.94,59089.47,0.0,21930.819999999992,organic,2015,False,True
9231,8,2016-10-30,False,False,False,True,2.49,96095.1,17620.85,52989.92,1.54,25482.79,organic,2016,False,True
9242,10,2016-10-16,False,False,False,True,2.02,95599.25,13352.47,54624.49,7.72,27614.57,organic,2016,False,True
9256,15,2015-09-13,False,False,True,False,1.97,95230.68,34760.74,54821.89,0.0,5648.049999999996,organic,2015,False,True
9281,41,2015-03-15,True,False,False,False,1.52,94419.17,65441.32,21855.14,0.0,7122.709999999999,organic,2015,False,True
9285,14,2015-09-20,False,False,True,False,1.92,94267.54,28489.91,60941.41,0.0,4836.219999999987,organic,2015,False,True
9356,3,2015-12-06,False,False,False,True,1.48,91211.53,17839.96,47527.65,1.53,25842.390000000007,organic,2015,False,True
9384,19,2015-08-16,False,False,True,False,1.96,90240.43,24630.76,52035.43,0.0,13574.239999999998,organic,2015,False,True
9386,17,2015-08-30,False,False,True,False,1.98,90125.42,23449.1,55879.18,0.0,10797.140000000007,organic,2015,False,True
9405,21,2015-08-02,False,False,True,False,1.99,89435.6,26067.67,54133.2,0.0,9234.73000000001,organic,2015,False,True
9421,5,2015-11-22,False,False,False,True,1.6,89062.36,14803.41,51282.8,0.0,22976.149999999994,organic,2015,False,True
9423,16,2015-09-06,False,False,True,False,1.99,88963.61,23875.92,56393.97,0.0,8693.720000000001,organic,2015,False,True
9502,20,2015-08-09,False,False,True,False,2.03,86211.24,23147.23,52640.84,0.0,10423.170000000013,organic,2015,False,True
9571,4,2015-11-29,False,False,False,True,1.75,83415.54,13195.19,48229.29,0.0,21991.05999999999,organic,2015,False,True
9609,12,2015-10-04,False,False,False,True,2.0,81751.48,18414.61,57015.39,0.0,6321.479999999996,organic,2015,False,True
9643,13,2015-09-27,False,False,True,False,1.85,80734.58,20639.23,50992.3,0.0,9103.050000000003,organic,2015,False,True
9762,9,2016-10-23,False,False,False,True,2.58,75897.66,9139.12,53304.49,6.17,13447.88000000001,organic,2016,False,True
9827,10,2015-10-18,False,False,False,True,2.01,73799.28,15960.2,48820.15,3.09,9015.84,organic,2015,False,True
9946,11,2015-10-11,False,False,False,True,2.07,70004.38,14400.49,48933.21,3.1,6667.580000000007,organic,2015,False,True
